$ bun run build:cjs && bun run build:esm && bun run build:types
$ tsc -p tsconfig.cjs.json
$ tsc -p tsconfig.esm.json && node scripts/fix-esm-imports.mjs
ESM imports fixed
$ tsc -p tsconfig.types.json
bun pack v1.4.2 (744846f84)

packed 1.72KB package.json
packed 421B dist/cjs/billing.js
packed 77B dist/cjs/checkoutSession.js
packed 0.87KB dist/cjs/dispute.js
packed 77B dist/cjs/event.js
packed 3.80KB dist/cjs/index.js
packed 191B dist/cjs/merchant.js
packed 77B dist/cjs/merchantDisplay.js
packed 2.66KB dist/cjs/money.js
packed 77B dist/cjs/network.js
packed 9.39KB dist/cjs/paymentIntent.js
packed 77B dist/cjs/paymentLink.js
packed 77B dist/cjs/settlement.js
packed 1.20KB dist/cjs/social.js
packed 77B dist/cjs/webhookDelivery.js
packed 2.60KB dist/cjs/webhookSigner.js
packed 301B dist/esm/billing.js
packed 11B dist/esm/checkoutSession.js
packed 0.81KB dist/esm/dispute.js
packed 11B dist/esm/event.js
packed 0.70KB dist/esm/index.js
packed 79B dist/esm/merchant.js
packed 11B dist/esm/merchantDisplay.js
packed 2.39KB dist/esm/money.js
packed 11B dist/esm/network.js
packed 9.0KB dist/esm/paymentIntent.js
packed 11B dist/esm/paymentLink.js
packed 11B dist/esm/settlement.js
packed 1.0KB dist/esm/social.js
packed 11B dist/esm/webhookDelivery.js
packed 2.44KB dist/esm/webhookSigner.js
packed 1.57KB dist/types/billing.d.ts
packed 1.89KB dist/types/checkoutSession.d.ts
packed 5.52KB dist/types/dispute.d.ts
packed 5.22KB dist/types/event.d.ts
packed 2.12KB dist/types/index.d.ts
packed 1.40KB dist/types/merchant.d.ts
packed 294B dist/types/merchantDisplay.d.ts
packed 1.75KB dist/types/money.d.ts
packed 49B dist/types/network.d.ts
packed 4.71KB dist/types/paymentIntent.d.ts
packed 1.74KB dist/types/paymentLink.d.ts
packed 6.71KB dist/types/settlement.d.ts
packed 7.36KB dist/types/social.d.ts
packed 2.20KB dist/types/webhookDelivery.d.ts
packed 0.61KB dist/types/webhookSigner.d.ts

peable.to-shared-types-0.3.0.tgz

Total files: 46
Shasum: 27c289d2108245add04941dccc913d890f553731
Integrity: sha512-SczFYX93BkY1O[...]CjsBEobygZOaw==
Unpacked size: 83.41KB
Packed size: 22.76KB
