$ bun test src --test-name-pattern "under the real requireOxyUser default"
bun test v1.4.2 (744846f84)

src/__tests__/onIntentChange.test.ts:

# Unhandled error between tests
-------------------------------
266 | }
267 | 
268 | function readRequired(raw: string | undefined, name: string): string {
269 |   const value = raw?.trim();
270 |   if (!value) {
271 |     throw new Error(
                    ^
error: DATABASE_URL is required and was not set. The backend is Postgres-native: every route reads it and the pool is opened at boot. For local development start the server with `docker compose -f docker-compose.postgres.yml up -d`.
      at readRequired (/home/nate/Oxy/Peable/.worktrees/1519-pay-bloom621-compat-20261003/packages/backend/src/config.ts:271:15)
      at loadConfig (/home/nate/Oxy/Peable/.worktrees/1519-pay-bloom621-compat-20261003/packages/backend/src/config.ts:291:18)
      at /home/nate/Oxy/Peable/.worktrees/1519-pay-bloom621-compat-20261003/packages/backend/src/config.ts:316:23
-------------------------------


src/__tests__/config.test.ts:

# Unhandled error between tests
-------------------------------
266 | }
267 | 
268 | function readRequired(raw: string | undefined, name: string): string {
269 |   const value = raw?.trim();
270 |   if (!value) {
271 |     throw new Error(
                    ^
error: DATABASE_URL is required and was not set. The backend is Postgres-native: every route reads it and the pool is opened at boot. For local development start the server with `docker compose -f docker-compose.postgres.yml up -d`.
      at readRequired (/home/nate/Oxy/Peable/.worktrees/1519-pay-bloom621-compat-20261003/packages/backend/src/config.ts:271:15)
      at loadConfig (/home/nate/Oxy/Peable/.worktrees/1519-pay-bloom621-compat-20261003/packages/backend/src/config.ts:291:18)
      at /home/nate/Oxy/Peable/.worktrees/1519-pay-bloom621-compat-20261003/packages/backend/src/config.ts:316:23
-------------------------------


src/__tests__/ecosystemActivity.test.ts:

src/__tests__/gatewayTestDatabase.realdb.test.ts:

# Unhandled error between tests
-------------------------------
266 | }
267 | 
268 | function readRequired(raw: string | undefined, name: string): string {
269 |   const value = raw?.trim();
270 |   if (!value) {
271 |     throw new Error(
                    ^
error: DATABASE_URL is required and was not set. The backend is Postgres-native: every route reads it and the pool is opened at boot. For local development start the server with `docker compose -f docker-compose.postgres.yml up -d`.
      at readRequired (/home/nate/Oxy/Peable/.worktrees/1519-pay-bloom621-compat-20261003/packages/backend/src/config.ts:271:15)
      at loadConfig (/home/nate/Oxy/Peable/.worktrees/1519-pay-bloom621-compat-20261003/packages/backend/src/config.ts:291:18)
      at /home/nate/Oxy/Peable/.worktrees/1519-pay-bloom621-compat-20261003/packages/backend/src/config.ts:316:23
-------------------------------


src/__tests__/e2e.test.ts:

# Unhandled error between tests
-------------------------------
266 | }
267 | 
268 | function readRequired(raw: string | undefined, name: string): string {
269 |   const value = raw?.trim();
270 |   if (!value) {
271 |     throw new Error(
                    ^
error: DATABASE_URL is required and was not set. The backend is Postgres-native: every route reads it and the pool is opened at boot. For local development start the server with `docker compose -f docker-compose.postgres.yml up -d`.
      at readRequired (/home/nate/Oxy/Peable/.worktrees/1519-pay-bloom621-compat-20261003/packages/backend/src/config.ts:271:15)
      at loadConfig (/home/nate/Oxy/Peable/.worktrees/1519-pay-bloom621-compat-20261003/packages/backend/src/config.ts:291:18)
      at /home/nate/Oxy/Peable/.worktrees/1519-pay-bloom621-compat-20261003/packages/backend/src/config.ts:316:23
-------------------------------


src/realtime/__tests__/socket.test.ts:

# Unhandled error between tests
-------------------------------
266 | }
267 | 
268 | function readRequired(raw: string | undefined, name: string): string {
269 |   const value = raw?.trim();
270 |   if (!value) {
271 |     throw new Error(
                    ^
error: DATABASE_URL is required and was not set. The backend is Postgres-native: every route reads it and the pool is opened at boot. For local development start the server with `docker compose -f docker-compose.postgres.yml up -d`.
      at readRequired (/home/nate/Oxy/Peable/.worktrees/1519-pay-bloom621-compat-20261003/packages/backend/src/config.ts:271:15)
      at loadConfig (/home/nate/Oxy/Peable/.worktrees/1519-pay-bloom621-compat-20261003/packages/backend/src/config.ts:291:18)
      at /home/nate/Oxy/Peable/.worktrees/1519-pay-bloom621-compat-20261003/packages/backend/src/config.ts:316:23
-------------------------------


src/realtime/__tests__/throttle.test.ts:

# Unhandled error between tests
-------------------------------
266 | }
267 | 
268 | function readRequired(raw: string | undefined, name: string): string {
269 |   const value = raw?.trim();
270 |   if (!value) {
271 |     throw new Error(
                    ^
error: DATABASE_URL is required and was not set. The backend is Postgres-native: every route reads it and the pool is opened at boot. For local development start the server with `docker compose -f docker-compose.postgres.yml up -d`.
      at readRequired (/home/nate/Oxy/Peable/.worktrees/1519-pay-bloom621-compat-20261003/packages/backend/src/config.ts:271:15)
      at loadConfig (/home/nate/Oxy/Peable/.worktrees/1519-pay-bloom621-compat-20261003/packages/backend/src/config.ts:291:18)
      at /home/nate/Oxy/Peable/.worktrees/1519-pay-bloom621-compat-20261003/packages/backend/src/config.ts:316:23
-------------------------------


src/services/__tests__/derivation.test.ts:

src/services/__tests__/expirySweeper.realdb.test.ts:

# Unhandled error between tests
-------------------------------
266 | }
267 | 
268 | function readRequired(raw: string | undefined, name: string): string {
269 |   const value = raw?.trim();
270 |   if (!value) {
271 |     throw new Error(
                    ^
error: DATABASE_URL is required and was not set. The backend is Postgres-native: every route reads it and the pool is opened at boot. For local development start the server with `docker compose -f docker-compose.postgres.yml up -d`.
      at readRequired (/home/nate/Oxy/Peable/.worktrees/1519-pay-bloom621-compat-20261003/packages/backend/src/config.ts:271:15)
      at loadConfig (/home/nate/Oxy/Peable/.worktrees/1519-pay-bloom621-compat-20261003/packages/backend/src/config.ts:291:18)
      at /home/nate/Oxy/Peable/.worktrees/1519-pay-bloom621-compat-20261003/packages/backend/src/config.ts:316:23
-------------------------------


src/services/__tests__/disputes.realdb.test.ts:

# Unhandled error between tests
-------------------------------
266 | }
267 | 
268 | function readRequired(raw: string | undefined, name: string): string {
269 |   const value = raw?.trim();
270 |   if (!value) {
271 |     throw new Error(
                    ^
error: DATABASE_URL is required and was not set. The backend is Postgres-native: every route reads it and the pool is opened at boot. For local development start the server with `docker compose -f docker-compose.postgres.yml up -d`.
      at readRequired (/home/nate/Oxy/Peable/.worktrees/1519-pay-bloom621-compat-20261003/packages/backend/src/config.ts:271:15)
      at loadConfig (/home/nate/Oxy/Peable/.worktrees/1519-pay-bloom621-compat-20261003/packages/backend/src/config.ts:291:18)
      at /home/nate/Oxy/Peable/.worktrees/1519-pay-bloom621-compat-20261003/packages/backend/src/config.ts:316:23
-------------------------------


src/services/__tests__/expirySweeper.test.ts:

# Unhandled error between tests
-------------------------------
266 | }
267 | 
268 | function readRequired(raw: string | undefined, name: string): string {
269 |   const value = raw?.trim();
270 |   if (!value) {
271 |     throw new Error(
                    ^
error: DATABASE_URL is required and was not set. The backend is Postgres-native: every route reads it and the pool is opened at boot. For local development start the server with `docker compose -f docker-compose.postgres.yml up -d`.
      at readRequired (/home/nate/Oxy/Peable/.worktrees/1519-pay-bloom621-compat-20261003/packages/backend/src/config.ts:271:15)
      at loadConfig (/home/nate/Oxy/Peable/.worktrees/1519-pay-bloom621-compat-20261003/packages/backend/src/config.ts:291:18)
      at /home/nate/Oxy/Peable/.worktrees/1519-pay-bloom621-compat-20261003/packages/backend/src/config.ts:316:23
-------------------------------


src/services/__tests__/staleTransition.realdb.test.ts:

# Unhandled error between tests
-------------------------------
266 | }
267 | 
268 | function readRequired(raw: string | undefined, name: string): string {
269 |   const value = raw?.trim();
270 |   if (!value) {
271 |     throw new Error(
                    ^
error: DATABASE_URL is required and was not set. The backend is Postgres-native: every route reads it and the pool is opened at boot. For local development start the server with `docker compose -f docker-compose.postgres.yml up -d`.
      at readRequired (/home/nate/Oxy/Peable/.worktrees/1519-pay-bloom621-compat-20261003/packages/backend/src/config.ts:271:15)
      at loadConfig (/home/nate/Oxy/Peable/.worktrees/1519-pay-bloom621-compat-20261003/packages/backend/src/config.ts:291:18)
      at /home/nate/Oxy/Peable/.worktrees/1519-pay-bloom621-compat-20261003/packages/backend/src/config.ts:316:23
-------------------------------


src/services/__tests__/environmentGuard.test.ts:

# Unhandled error between tests
-------------------------------
266 | }
267 | 
268 | function readRequired(raw: string | undefined, name: string): string {
269 |   const value = raw?.trim();
270 |   if (!value) {
271 |     throw new Error(
                    ^
error: DATABASE_URL is required and was not set. The backend is Postgres-native: every route reads it and the pool is opened at boot. For local development start the server with `docker compose -f docker-compose.postgres.yml up -d`.
      at readRequired (/home/nate/Oxy/Peable/.worktrees/1519-pay-bloom621-compat-20261003/packages/backend/src/config.ts:271:15)
      at loadConfig (/home/nate/Oxy/Peable/.worktrees/1519-pay-bloom621-compat-20261003/packages/backend/src/config.ts:291:18)
      at /home/nate/Oxy/Peable/.worktrees/1519-pay-bloom621-compat-20261003/packages/backend/src/config.ts:316:23
-------------------------------


src/services/__tests__/settlementWatcher.test.ts:

# Unhandled error between tests
-------------------------------
266 | }
267 | 
268 | function readRequired(raw: string | undefined, name: string): string {
269 |   const value = raw?.trim();
270 |   if (!value) {
271 |     throw new Error(
                    ^
error: DATABASE_URL is required and was not set. The backend is Postgres-native: every route reads it and the pool is opened at boot. For local development start the server with `docker compose -f docker-compose.postgres.yml up -d`.
      at readRequired (/home/nate/Oxy/Peable/.worktrees/1519-pay-bloom621-compat-20261003/packages/backend/src/config.ts:271:15)
      at loadConfig (/home/nate/Oxy/Peable/.worktrees/1519-pay-bloom621-compat-20261003/packages/backend/src/config.ts:291:18)
      at /home/nate/Oxy/Peable/.worktrees/1519-pay-bloom621-compat-20261003/packages/backend/src/config.ts:316:23
-------------------------------


src/services/__tests__/settlementEvents.realdb.test.ts:

# Unhandled error between tests
-------------------------------
266 | }
267 | 
268 | function readRequired(raw: string | undefined, name: string): string {
269 |   const value = raw?.trim();
270 |   if (!value) {
271 |     throw new Error(
                    ^
error: DATABASE_URL is required and was not set. The backend is Postgres-native: every route reads it and the pool is opened at boot. For local development start the server with `docker compose -f docker-compose.postgres.yml up -d`.
      at readRequired (/home/nate/Oxy/Peable/.worktrees/1519-pay-bloom621-compat-20261003/packages/backend/src/config.ts:271:15)
      at loadConfig (/home/nate/Oxy/Peable/.worktrees/1519-pay-bloom621-compat-20261003/packages/backend/src/config.ts:291:18)
      at /home/nate/Oxy/Peable/.worktrees/1519-pay-bloom621-compat-20261003/packages/backend/src/config.ts:316:23
-------------------------------


src/services/__tests__/reserveAddress.test.ts:

# Unhandled error between tests
-------------------------------
266 | }
267 | 
268 | function readRequired(raw: string | undefined, name: string): string {
269 |   const value = raw?.trim();
270 |   if (!value) {
271 |     throw new Error(
                    ^
error: DATABASE_URL is required and was not set. The backend is Postgres-native: every route reads it and the pool is opened at boot. For local development start the server with `docker compose -f docker-compose.postgres.yml up -d`.
      at readRequired (/home/nate/Oxy/Peable/.worktrees/1519-pay-bloom621-compat-20261003/packages/backend/src/config.ts:271:15)
      at loadConfig (/home/nate/Oxy/Peable/.worktrees/1519-pay-bloom621-compat-20261003/packages/backend/src/config.ts:291:18)
      at /home/nate/Oxy/Peable/.worktrees/1519-pay-bloom621-compat-20261003/packages/backend/src/config.ts:316:23
-------------------------------


src/services/__tests__/merchantDisplay.test.ts:

# Unhandled error between tests
-------------------------------
266 | }
267 | 
268 | function readRequired(raw: string | undefined, name: string): string {
269 |   const value = raw?.trim();
270 |   if (!value) {
271 |     throw new Error(
                    ^
error: DATABASE_URL is required and was not set. The backend is Postgres-native: every route reads it and the pool is opened at boot. For local development start the server with `docker compose -f docker-compose.postgres.yml up -d`.
      at readRequired (/home/nate/Oxy/Peable/.worktrees/1519-pay-bloom621-compat-20261003/packages/backend/src/config.ts:271:15)
      at loadConfig (/home/nate/Oxy/Peable/.worktrees/1519-pay-bloom621-compat-20261003/packages/backend/src/config.ts:291:18)
      at /home/nate/Oxy/Peable/.worktrees/1519-pay-bloom621-compat-20261003/packages/backend/src/config.ts:316:23
-------------------------------


src/services/__tests__/providerEventDrain.realdb.test.ts:

# Unhandled error between tests
-------------------------------
266 | }
267 | 
268 | function readRequired(raw: string | undefined, name: string): string {
269 |   const value = raw?.trim();
270 |   if (!value) {
271 |     throw new Error(
                    ^
error: DATABASE_URL is required and was not set. The backend is Postgres-native: every route reads it and the pool is opened at boot. For local development start the server with `docker compose -f docker-compose.postgres.yml up -d`.
      at readRequired (/home/nate/Oxy/Peable/.worktrees/1519-pay-bloom621-compat-20261003/packages/backend/src/config.ts:271:15)
      at loadConfig (/home/nate/Oxy/Peable/.worktrees/1519-pay-bloom621-compat-20261003/packages/backend/src/config.ts:291:18)
      at /home/nate/Oxy/Peable/.worktrees/1519-pay-bloom621-compat-20261003/packages/backend/src/config.ts:316:23
-------------------------------


src/services/__tests__/refunds.realdb.test.ts:

# Unhandled error between tests
-------------------------------
266 | }
267 | 
268 | function readRequired(raw: string | undefined, name: string): string {
269 |   const value = raw?.trim();
270 |   if (!value) {
271 |     throw new Error(
                    ^
error: DATABASE_URL is required and was not set. The backend is Postgres-native: every route reads it and the pool is opened at boot. For local development start the server with `docker compose -f docker-compose.postgres.yml up -d`.
      at readRequired (/home/nate/Oxy/Peable/.worktrees/1519-pay-bloom621-compat-20261003/packages/backend/src/config.ts:271:15)
      at loadConfig (/home/nate/Oxy/Peable/.worktrees/1519-pay-bloom621-compat-20261003/packages/backend/src/config.ts:291:18)
      at /home/nate/Oxy/Peable/.worktrees/1519-pay-bloom621-compat-20261003/packages/backend/src/config.ts:316:23
-------------------------------


src/services/__tests__/enrichment.test.ts:

# Unhandled error between tests
-------------------------------
266 | }
267 | 
268 | function readRequired(raw: string | undefined, name: string): string {
269 |   const value = raw?.trim();
270 |   if (!value) {
271 |     throw new Error(
                    ^
error: DATABASE_URL is required and was not set. The backend is Postgres-native: every route reads it and the pool is opened at boot. For local development start the server with `docker compose -f docker-compose.postgres.yml up -d`.
      at readRequired (/home/nate/Oxy/Peable/.worktrees/1519-pay-bloom621-compat-20261003/packages/backend/src/config.ts:271:15)
      at loadConfig (/home/nate/Oxy/Peable/.worktrees/1519-pay-bloom621-compat-20261003/packages/backend/src/config.ts:291:18)
      at /home/nate/Oxy/Peable/.worktrees/1519-pay-bloom621-compat-20261003/packages/backend/src/config.ts:316:23
-------------------------------


src/services/__tests__/appMembership.test.ts:

# Unhandled error between tests
-------------------------------
266 | }
267 | 
268 | function readRequired(raw: string | undefined, name: string): string {
269 |   const value = raw?.trim();
270 |   if (!value) {
271 |     throw new Error(
                    ^
error: DATABASE_URL is required and was not set. The backend is Postgres-native: every route reads it and the pool is opened at boot. For local development start the server with `docker compose -f docker-compose.postgres.yml up -d`.
      at readRequired (/home/nate/Oxy/Peable/.worktrees/1519-pay-bloom621-compat-20261003/packages/backend/src/config.ts:271:15)
      at loadConfig (/home/nate/Oxy/Peable/.worktrees/1519-pay-bloom621-compat-20261003/packages/backend/src/config.ts:291:18)
      at /home/nate/Oxy/Peable/.worktrees/1519-pay-bloom621-compat-20261003/packages/backend/src/config.ts:316:23
-------------------------------


src/services/__tests__/cardCreate.realdb.test.ts:

# Unhandled error between tests
-------------------------------
266 | }
267 | 
268 | function readRequired(raw: string | undefined, name: string): string {
269 |   const value = raw?.trim();
270 |   if (!value) {
271 |     throw new Error(
                    ^
error: DATABASE_URL is required and was not set. The backend is Postgres-native: every route reads it and the pool is opened at boot. For local development start the server with `docker compose -f docker-compose.postgres.yml up -d`.
      at readRequired (/home/nate/Oxy/Peable/.worktrees/1519-pay-bloom621-compat-20261003/packages/backend/src/config.ts:271:15)
      at loadConfig (/home/nate/Oxy/Peable/.worktrees/1519-pay-bloom621-compat-20261003/packages/backend/src/config.ts:291:18)
      at /home/nate/Oxy/Peable/.worktrees/1519-pay-bloom621-compat-20261003/packages/backend/src/config.ts:316:23
-------------------------------


src/services/__tests__/intentState.test.ts:

src/services/__tests__/explorer.test.ts:

# Unhandled error between tests
-------------------------------
266 | }
267 | 
268 | function readRequired(raw: string | undefined, name: string): string {
269 |   const value = raw?.trim();
270 |   if (!value) {
271 |     throw new Error(
                    ^
error: DATABASE_URL is required and was not set. The backend is Postgres-native: every route reads it and the pool is opened at boot. For local development start the server with `docker compose -f docker-compose.postgres.yml up -d`.
      at readRequired (/home/nate/Oxy/Peable/.worktrees/1519-pay-bloom621-compat-20261003/packages/backend/src/config.ts:271:15)
      at loadConfig (/home/nate/Oxy/Peable/.worktrees/1519-pay-bloom621-compat-20261003/packages/backend/src/config.ts:291:18)
      at /home/nate/Oxy/Peable/.worktrees/1519-pay-bloom621-compat-20261003/packages/backend/src/config.ts:316:23
-------------------------------


src/services/__tests__/socialReceive.test.ts:

# Unhandled error between tests
-------------------------------
266 | }
267 | 
268 | function readRequired(raw: string | undefined, name: string): string {
269 |   const value = raw?.trim();
270 |   if (!value) {
271 |     throw new Error(
                    ^
error: DATABASE_URL is required and was not set. The backend is Postgres-native: every route reads it and the pool is opened at boot. For local development start the server with `docker compose -f docker-compose.postgres.yml up -d`.
      at readRequired (/home/nate/Oxy/Peable/.worktrees/1519-pay-bloom621-compat-20261003/packages/backend/src/config.ts:271:15)
      at loadConfig (/home/nate/Oxy/Peable/.worktrees/1519-pay-bloom621-compat-20261003/packages/backend/src/config.ts:291:18)
      at /home/nate/Oxy/Peable/.worktrees/1519-pay-bloom621-compat-20261003/packages/backend/src/config.ts:316:23
-------------------------------


src/services/__tests__/resolveRail.test.ts:

# Unhandled error between tests
-------------------------------
266 | }
267 | 
268 | function readRequired(raw: string | undefined, name: string): string {
269 |   const value = raw?.trim();
270 |   if (!value) {
271 |     throw new Error(
                    ^
error: DATABASE_URL is required and was not set. The backend is Postgres-native: every route reads it and the pool is opened at boot. For local development start the server with `docker compose -f docker-compose.postgres.yml up -d`.
      at readRequired (/home/nate/Oxy/Peable/.worktrees/1519-pay-bloom621-compat-20261003/packages/backend/src/config.ts:271:15)
      at loadConfig (/home/nate/Oxy/Peable/.worktrees/1519-pay-bloom621-compat-20261003/packages/backend/src/config.ts:291:18)
      at /home/nate/Oxy/Peable/.worktrees/1519-pay-bloom621-compat-20261003/packages/backend/src/config.ts:316:23
-------------------------------


src/services/__tests__/webhookDispatcher.test.ts:

src/services/__tests__/webhookOutbox.realdb.test.ts:

# Unhandled error between tests
-------------------------------
266 | }
267 | 
268 | function readRequired(raw: string | undefined, name: string): string {
269 |   const value = raw?.trim();
270 |   if (!value) {
271 |     throw new Error(
                    ^
error: DATABASE_URL is required and was not set. The backend is Postgres-native: every route reads it and the pool is opened at boot. For local development start the server with `docker compose -f docker-compose.postgres.yml up -d`.
      at readRequired (/home/nate/Oxy/Peable/.worktrees/1519-pay-bloom621-compat-20261003/packages/backend/src/config.ts:271:15)
      at loadConfig (/home/nate/Oxy/Peable/.worktrees/1519-pay-bloom621-compat-20261003/packages/backend/src/config.ts:291:18)
      at /home/nate/Oxy/Peable/.worktrees/1519-pay-bloom621-compat-20261003/packages/backend/src/config.ts:316:23
-------------------------------


src/services/__tests__/cardLifecycle.realdb.test.ts:

# Unhandled error between tests
-------------------------------
266 | }
267 | 
268 | function readRequired(raw: string | undefined, name: string): string {
269 |   const value = raw?.trim();
270 |   if (!value) {
271 |     throw new Error(
                    ^
error: DATABASE_URL is required and was not set. The backend is Postgres-native: every route reads it and the pool is opened at boot. For local development start the server with `docker compose -f docker-compose.postgres.yml up -d`.
      at readRequired (/home/nate/Oxy/Peable/.worktrees/1519-pay-bloom621-compat-20261003/packages/backend/src/config.ts:271:15)
      at loadConfig (/home/nate/Oxy/Peable/.worktrees/1519-pay-bloom621-compat-20261003/packages/backend/src/config.ts:291:18)
      at /home/nate/Oxy/Peable/.worktrees/1519-pay-bloom621-compat-20261003/packages/backend/src/config.ts:316:23
-------------------------------


src/services/__tests__/refundEvents.realdb.test.ts:

# Unhandled error between tests
-------------------------------
266 | }
267 | 
268 | function readRequired(raw: string | undefined, name: string): string {
269 |   const value = raw?.trim();
270 |   if (!value) {
271 |     throw new Error(
                    ^
error: DATABASE_URL is required and was not set. The backend is Postgres-native: every route reads it and the pool is opened at boot. For local development start the server with `docker compose -f docker-compose.postgres.yml up -d`.
      at readRequired (/home/nate/Oxy/Peable/.worktrees/1519-pay-bloom621-compat-20261003/packages/backend/src/config.ts:271:15)
      at loadConfig (/home/nate/Oxy/Peable/.worktrees/1519-pay-bloom621-compat-20261003/packages/backend/src/config.ts:291:18)
      at /home/nate/Oxy/Peable/.worktrees/1519-pay-bloom621-compat-20261003/packages/backend/src/config.ts:316:23
-------------------------------


src/db/__tests__/settlement.realdb.test.ts:

# Unhandled error between tests
-------------------------------
266 | }
267 | 
268 | function readRequired(raw: string | undefined, name: string): string {
269 |   const value = raw?.trim();
270 |   if (!value) {
271 |     throw new Error(
                    ^
error: DATABASE_URL is required and was not set. The backend is Postgres-native: every route reads it and the pool is opened at boot. For local development start the server with `docker compose -f docker-compose.postgres.yml up -d`.
      at readRequired (/home/nate/Oxy/Peable/.worktrees/1519-pay-bloom621-compat-20261003/packages/backend/src/config.ts:271:15)
      at loadConfig (/home/nate/Oxy/Peable/.worktrees/1519-pay-bloom621-compat-20261003/packages/backend/src/config.ts:291:18)
      at /home/nate/Oxy/Peable/.worktrees/1519-pay-bloom621-compat-20261003/packages/backend/src/config.ts:316:23
-------------------------------


src/db/__tests__/paymentIntentRepository.realdb.test.ts:

# Unhandled error between tests
-------------------------------
266 | }
267 | 
268 | function readRequired(raw: string | undefined, name: string): string {
269 |   const value = raw?.trim();
270 |   if (!value) {
271 |     throw new Error(
                    ^
error: DATABASE_URL is required and was not set. The backend is Postgres-native: every route reads it and the pool is opened at boot. For local development start the server with `docker compose -f docker-compose.postgres.yml up -d`.
      at readRequired (/home/nate/Oxy/Peable/.worktrees/1519-pay-bloom621-compat-20261003/packages/backend/src/config.ts:271:15)
      at loadConfig (/home/nate/Oxy/Peable/.worktrees/1519-pay-bloom621-compat-20261003/packages/backend/src/config.ts:291:18)
      at /home/nate/Oxy/Peable/.worktrees/1519-pay-bloom621-compat-20261003/packages/backend/src/config.ts:316:23
-------------------------------


src/db/__tests__/migrationPhaseOrder.test.ts:

src/db/__tests__/providerEvents.realdb.test.ts:

# Unhandled error between tests
-------------------------------
266 | }
267 | 
268 | function readRequired(raw: string | undefined, name: string): string {
269 |   const value = raw?.trim();
270 |   if (!value) {
271 |     throw new Error(
                    ^
error: DATABASE_URL is required and was not set. The backend is Postgres-native: every route reads it and the pool is opened at boot. For local development start the server with `docker compose -f docker-compose.postgres.yml up -d`.
      at readRequired (/home/nate/Oxy/Peable/.worktrees/1519-pay-bloom621-compat-20261003/packages/backend/src/config.ts:271:15)
      at loadConfig (/home/nate/Oxy/Peable/.worktrees/1519-pay-bloom621-compat-20261003/packages/backend/src/config.ts:291:18)
      at /home/nate/Oxy/Peable/.worktrees/1519-pay-bloom621-compat-20261003/packages/backend/src/config.ts:316:23
-------------------------------


src/db/__tests__/linkAndSessionRepository.realdb.test.ts:

# Unhandled error between tests
-------------------------------
266 | }
267 | 
268 | function readRequired(raw: string | undefined, name: string): string {
269 |   const value = raw?.trim();
270 |   if (!value) {
271 |     throw new Error(
                    ^
error: DATABASE_URL is required and was not set. The backend is Postgres-native: every route reads it and the pool is opened at boot. For local development start the server with `docker compose -f docker-compose.postgres.yml up -d`.
      at readRequired (/home/nate/Oxy/Peable/.worktrees/1519-pay-bloom621-compat-20261003/packages/backend/src/config.ts:271:15)
      at loadConfig (/home/nate/Oxy/Peable/.worktrees/1519-pay-bloom621-compat-20261003/packages/backend/src/config.ts:291:18)
      at /home/nate/Oxy/Peable/.worktrees/1519-pay-bloom621-compat-20261003/packages/backend/src/config.ts:316:23
-------------------------------


src/db/__tests__/dockerfile.test.ts:

src/db/__tests__/derivationIndex.realdb.test.ts:

# Unhandled error between tests
-------------------------------
266 | }
267 | 
268 | function readRequired(raw: string | undefined, name: string): string {
269 |   const value = raw?.trim();
270 |   if (!value) {
271 |     throw new Error(
                    ^
error: DATABASE_URL is required and was not set. The backend is Postgres-native: every route reads it and the pool is opened at boot. For local development start the server with `docker compose -f docker-compose.postgres.yml up -d`.
      at readRequired (/home/nate/Oxy/Peable/.worktrees/1519-pay-bloom621-compat-20261003/packages/backend/src/config.ts:271:15)
      at loadConfig (/home/nate/Oxy/Peable/.worktrees/1519-pay-bloom621-compat-20261003/packages/backend/src/config.ts:291:18)
      at /home/nate/Oxy/Peable/.worktrees/1519-pay-bloom621-compat-20261003/packages/backend/src/config.ts:316:23
-------------------------------


src/db/__tests__/deployWorkflow.test.ts:

src/db/__tests__/providerLink.realdb.test.ts:

# Unhandled error between tests
-------------------------------
266 | }
267 | 
268 | function readRequired(raw: string | undefined, name: string): string {
269 |   const value = raw?.trim();
270 |   if (!value) {
271 |     throw new Error(
                    ^
error: DATABASE_URL is required and was not set. The backend is Postgres-native: every route reads it and the pool is opened at boot. For local development start the server with `docker compose -f docker-compose.postgres.yml up -d`.
      at readRequired (/home/nate/Oxy/Peable/.worktrees/1519-pay-bloom621-compat-20261003/packages/backend/src/config.ts:271:15)
      at loadConfig (/home/nate/Oxy/Peable/.worktrees/1519-pay-bloom621-compat-20261003/packages/backend/src/config.ts:291:18)
      at /home/nate/Oxy/Peable/.worktrees/1519-pay-bloom621-compat-20261003/packages/backend/src/config.ts:316:23
-------------------------------


src/db/__tests__/merchantRepository.realdb.test.ts:

# Unhandled error between tests
-------------------------------
266 | }
267 | 
268 | function readRequired(raw: string | undefined, name: string): string {
269 |   const value = raw?.trim();
270 |   if (!value) {
271 |     throw new Error(
                    ^
error: DATABASE_URL is required and was not set. The backend is Postgres-native: every route reads it and the pool is opened at boot. For local development start the server with `docker compose -f docker-compose.postgres.yml up -d`.
      at readRequired (/home/nate/Oxy/Peable/.worktrees/1519-pay-bloom621-compat-20261003/packages/backend/src/config.ts:271:15)
      at loadConfig (/home/nate/Oxy/Peable/.worktrees/1519-pay-bloom621-compat-20261003/packages/backend/src/config.ts:291:18)
      at /home/nate/Oxy/Peable/.worktrees/1519-pay-bloom621-compat-20261003/packages/backend/src/config.ts:316:23
-------------------------------


src/db/__tests__/rail.realdb.test.ts:

# Unhandled error between tests
-------------------------------
266 | }
267 | 
268 | function readRequired(raw: string | undefined, name: string): string {
269 |   const value = raw?.trim();
270 |   if (!value) {
271 |     throw new Error(
                    ^
error: DATABASE_URL is required and was not set. The backend is Postgres-native: every route reads it and the pool is opened at boot. For local development start the server with `docker compose -f docker-compose.postgres.yml up -d`.
      at readRequired (/home/nate/Oxy/Peable/.worktrees/1519-pay-bloom621-compat-20261003/packages/backend/src/config.ts:271:15)
      at loadConfig (/home/nate/Oxy/Peable/.worktrees/1519-pay-bloom621-compat-20261003/packages/backend/src/config.ts:291:18)
      at /home/nate/Oxy/Peable/.worktrees/1519-pay-bloom621-compat-20261003/packages/backend/src/config.ts:316:23
-------------------------------


src/db/__tests__/socialReceiveCursor.realdb.test.ts:

# Unhandled error between tests
-------------------------------
266 | }
267 | 
268 | function readRequired(raw: string | undefined, name: string): string {
269 |   const value = raw?.trim();
270 |   if (!value) {
271 |     throw new Error(
                    ^
error: DATABASE_URL is required and was not set. The backend is Postgres-native: every route reads it and the pool is opened at boot. For local development start the server with `docker compose -f docker-compose.postgres.yml up -d`.
      at readRequired (/home/nate/Oxy/Peable/.worktrees/1519-pay-bloom621-compat-20261003/packages/backend/src/config.ts:271:15)
      at loadConfig (/home/nate/Oxy/Peable/.worktrees/1519-pay-bloom621-compat-20261003/packages/backend/src/config.ts:291:18)
      at /home/nate/Oxy/Peable/.worktrees/1519-pay-bloom621-compat-20261003/packages/backend/src/config.ts:316:23
-------------------------------


src/db/__tests__/pinnedRelease.test.ts:

src/db/__tests__/deploySecrets.test.ts:

src/db/__tests__/schemaGates.realdb.test.ts:

# Unhandled error between tests
-------------------------------
266 | }
267 | 
268 | function readRequired(raw: string | undefined, name: string): string {
269 |   const value = raw?.trim();
270 |   if (!value) {
271 |     throw new Error(
                    ^
error: DATABASE_URL is required and was not set. The backend is Postgres-native: every route reads it and the pool is opened at boot. For local development start the server with `docker compose -f docker-compose.postgres.yml up -d`.
      at readRequired (/home/nate/Oxy/Peable/.worktrees/1519-pay-bloom621-compat-20261003/packages/backend/src/config.ts:271:15)
      at loadConfig (/home/nate/Oxy/Peable/.worktrees/1519-pay-bloom621-compat-20261003/packages/backend/src/config.ts:291:18)
      at /home/nate/Oxy/Peable/.worktrees/1519-pay-bloom621-compat-20261003/packages/backend/src/config.ts:316:23
-------------------------------


src/db/__tests__/webhookAndAttributionRepository.realdb.test.ts:

# Unhandled error between tests
-------------------------------
266 | }
267 | 
268 | function readRequired(raw: string | undefined, name: string): string {
269 |   const value = raw?.trim();
270 |   if (!value) {
271 |     throw new Error(
                    ^
error: DATABASE_URL is required and was not set. The backend is Postgres-native: every route reads it and the pool is opened at boot. For local development start the server with `docker compose -f docker-compose.postgres.yml up -d`.
      at readRequired (/home/nate/Oxy/Peable/.worktrees/1519-pay-bloom621-compat-20261003/packages/backend/src/config.ts:271:15)
      at loadConfig (/home/nate/Oxy/Peable/.worktrees/1519-pay-bloom621-compat-20261003/packages/backend/src/config.ts:291:18)
      at /home/nate/Oxy/Peable/.worktrees/1519-pay-bloom621-compat-20261003/packages/backend/src/config.ts:316:23
-------------------------------


src/db/__tests__/derivationIndexBound.test.ts:

src/routes/__tests__/settlement.realdb.test.ts:

# Unhandled error between tests
-------------------------------
266 | }
267 | 
268 | function readRequired(raw: string | undefined, name: string): string {
269 |   const value = raw?.trim();
270 |   if (!value) {
271 |     throw new Error(
                    ^
error: DATABASE_URL is required and was not set. The backend is Postgres-native: every route reads it and the pool is opened at boot. For local development start the server with `docker compose -f docker-compose.postgres.yml up -d`.
      at readRequired (/home/nate/Oxy/Peable/.worktrees/1519-pay-bloom621-compat-20261003/packages/backend/src/config.ts:271:15)
      at loadConfig (/home/nate/Oxy/Peable/.worktrees/1519-pay-bloom621-compat-20261003/packages/backend/src/config.ts:291:18)
      at /home/nate/Oxy/Peable/.worktrees/1519-pay-bloom621-compat-20261003/packages/backend/src/config.ts:316:23
-------------------------------


src/routes/__tests__/merchants.test.ts:

# Unhandled error between tests
-------------------------------
266 | }
267 | 
268 | function readRequired(raw: string | undefined, name: string): string {
269 |   const value = raw?.trim();
270 |   if (!value) {
271 |     throw new Error(
                    ^
error: DATABASE_URL is required and was not set. The backend is Postgres-native: every route reads it and the pool is opened at boot. For local development start the server with `docker compose -f docker-compose.postgres.yml up -d`.
      at readRequired (/home/nate/Oxy/Peable/.worktrees/1519-pay-bloom621-compat-20261003/packages/backend/src/config.ts:271:15)
      at loadConfig (/home/nate/Oxy/Peable/.worktrees/1519-pay-bloom621-compat-20261003/packages/backend/src/config.ts:291:18)
      at /home/nate/Oxy/Peable/.worktrees/1519-pay-bloom621-compat-20261003/packages/backend/src/config.ts:316:23
-------------------------------


src/routes/__tests__/enrich.test.ts:

# Unhandled error between tests
-------------------------------
266 | }
267 | 
268 | function readRequired(raw: string | undefined, name: string): string {
269 |   const value = raw?.trim();
270 |   if (!value) {
271 |     throw new Error(
                    ^
error: DATABASE_URL is required and was not set. The backend is Postgres-native: every route reads it and the pool is opened at boot. For local development start the server with `docker compose -f docker-compose.postgres.yml up -d`.
      at readRequired (/home/nate/Oxy/Peable/.worktrees/1519-pay-bloom621-compat-20261003/packages/backend/src/config.ts:271:15)
      at loadConfig (/home/nate/Oxy/Peable/.worktrees/1519-pay-bloom621-compat-20261003/packages/backend/src/config.ts:291:18)
      at /home/nate/Oxy/Peable/.worktrees/1519-pay-bloom621-compat-20261003/packages/backend/src/config.ts:316:23
-------------------------------


src/routes/__tests__/refunds.realdb.test.ts:

# Unhandled error between tests
-------------------------------
266 | }
267 | 
268 | function readRequired(raw: string | undefined, name: string): string {
269 |   const value = raw?.trim();
270 |   if (!value) {
271 |     throw new Error(
                    ^
error: DATABASE_URL is required and was not set. The backend is Postgres-native: every route reads it and the pool is opened at boot. For local development start the server with `docker compose -f docker-compose.postgres.yml up -d`.
      at readRequired (/home/nate/Oxy/Peable/.worktrees/1519-pay-bloom621-compat-20261003/packages/backend/src/config.ts:271:15)
      at loadConfig (/home/nate/Oxy/Peable/.worktrees/1519-pay-bloom621-compat-20261003/packages/backend/src/config.ts:291:18)
      at /home/nate/Oxy/Peable/.worktrees/1519-pay-bloom621-compat-20261003/packages/backend/src/config.ts:316:23
-------------------------------


src/routes/__tests__/environmentIsolation.realdb.test.ts:

# Unhandled error between tests
-------------------------------
266 | }
267 | 
268 | function readRequired(raw: string | undefined, name: string): string {
269 |   const value = raw?.trim();
270 |   if (!value) {
271 |     throw new Error(
                    ^
error: DATABASE_URL is required and was not set. The backend is Postgres-native: every route reads it and the pool is opened at boot. For local development start the server with `docker compose -f docker-compose.postgres.yml up -d`.
      at readRequired (/home/nate/Oxy/Peable/.worktrees/1519-pay-bloom621-compat-20261003/packages/backend/src/config.ts:271:15)
      at loadConfig (/home/nate/Oxy/Peable/.worktrees/1519-pay-bloom621-compat-20261003/packages/backend/src/config.ts:291:18)
      at /home/nate/Oxy/Peable/.worktrees/1519-pay-bloom621-compat-20261003/packages/backend/src/config.ts:316:23
-------------------------------


src/routes/__tests__/webhookDeliveries.test.ts:

# Unhandled error between tests
-------------------------------
266 | }
267 | 
268 | function readRequired(raw: string | undefined, name: string): string {
269 |   const value = raw?.trim();
270 |   if (!value) {
271 |     throw new Error(
                    ^
error: DATABASE_URL is required and was not set. The backend is Postgres-native: every route reads it and the pool is opened at boot. For local development start the server with `docker compose -f docker-compose.postgres.yml up -d`.
      at readRequired (/home/nate/Oxy/Peable/.worktrees/1519-pay-bloom621-compat-20261003/packages/backend/src/config.ts:271:15)
      at loadConfig (/home/nate/Oxy/Peable/.worktrees/1519-pay-bloom621-compat-20261003/packages/backend/src/config.ts:291:18)
      at /home/nate/Oxy/Peable/.worktrees/1519-pay-bloom621-compat-20261003/packages/backend/src/config.ts:316:23
-------------------------------


src/routes/__tests__/settlementReport.realdb.test.ts:

# Unhandled error between tests
-------------------------------
266 | }
267 | 
268 | function readRequired(raw: string | undefined, name: string): string {
269 |   const value = raw?.trim();
270 |   if (!value) {
271 |     throw new Error(
                    ^
error: DATABASE_URL is required and was not set. The backend is Postgres-native: every route reads it and the pool is opened at boot. For local development start the server with `docker compose -f docker-compose.postgres.yml up -d`.
      at readRequired (/home/nate/Oxy/Peable/.worktrees/1519-pay-bloom621-compat-20261003/packages/backend/src/config.ts:271:15)
      at loadConfig (/home/nate/Oxy/Peable/.worktrees/1519-pay-bloom621-compat-20261003/packages/backend/src/config.ts:291:18)
      at /home/nate/Oxy/Peable/.worktrees/1519-pay-bloom621-compat-20261003/packages/backend/src/config.ts:316:23
-------------------------------


src/routes/__tests__/routes.test.ts:

# Unhandled error between tests
-------------------------------
266 | }
267 | 
268 | function readRequired(raw: string | undefined, name: string): string {
269 |   const value = raw?.trim();
270 |   if (!value) {
271 |     throw new Error(
                    ^
error: DATABASE_URL is required and was not set. The backend is Postgres-native: every route reads it and the pool is opened at boot. For local development start the server with `docker compose -f docker-compose.postgres.yml up -d`.
      at readRequired (/home/nate/Oxy/Peable/.worktrees/1519-pay-bloom621-compat-20261003/packages/backend/src/config.ts:271:15)
      at loadConfig (/home/nate/Oxy/Peable/.worktrees/1519-pay-bloom621-compat-20261003/packages/backend/src/config.ts:291:18)
      at /home/nate/Oxy/Peable/.worktrees/1519-pay-bloom621-compat-20261003/packages/backend/src/config.ts:316:23
-------------------------------


src/routes/__tests__/social.test.ts:

# Unhandled error between tests
-------------------------------
266 | }
267 | 
268 | function readRequired(raw: string | undefined, name: string): string {
269 |   const value = raw?.trim();
270 |   if (!value) {
271 |     throw new Error(
                    ^
error: DATABASE_URL is required and was not set. The backend is Postgres-native: every route reads it and the pool is opened at boot. For local development start the server with `docker compose -f docker-compose.postgres.yml up -d`.
      at readRequired (/home/nate/Oxy/Peable/.worktrees/1519-pay-bloom621-compat-20261003/packages/backend/src/config.ts:271:15)
      at loadConfig (/home/nate/Oxy/Peable/.worktrees/1519-pay-bloom621-compat-20261003/packages/backend/src/config.ts:291:18)
      at /home/nate/Oxy/Peable/.worktrees/1519-pay-bloom621-compat-20261003/packages/backend/src/config.ts:316:23
-------------------------------


src/routes/__tests__/oxyAuthWiring.test.ts:

# Unhandled error between tests
-------------------------------
266 | }
267 | 
268 | function readRequired(raw: string | undefined, name: string): string {
269 |   const value = raw?.trim();
270 |   if (!value) {
271 |     throw new Error(
                    ^
error: DATABASE_URL is required and was not set. The backend is Postgres-native: every route reads it and the pool is opened at boot. For local development start the server with `docker compose -f docker-compose.postgres.yml up -d`.
      at readRequired (/home/nate/Oxy/Peable/.worktrees/1519-pay-bloom621-compat-20261003/packages/backend/src/config.ts:271:15)
      at loadConfig (/home/nate/Oxy/Peable/.worktrees/1519-pay-bloom621-compat-20261003/packages/backend/src/config.ts:291:18)
      at /home/nate/Oxy/Peable/.worktrees/1519-pay-bloom621-compat-20261003/packages/backend/src/config.ts:316:23
-------------------------------


src/routes/__tests__/providerWebhooks.integration.test.ts:

# Unhandled error between tests
-------------------------------
266 | }
267 | 
268 | function readRequired(raw: string | undefined, name: string): string {
269 |   const value = raw?.trim();
270 |   if (!value) {
271 |     throw new Error(
                    ^
error: DATABASE_URL is required and was not set. The backend is Postgres-native: every route reads it and the pool is opened at boot. For local development start the server with `docker compose -f docker-compose.postgres.yml up -d`.
      at readRequired (/home/nate/Oxy/Peable/.worktrees/1519-pay-bloom621-compat-20261003/packages/backend/src/config.ts:271:15)
      at loadConfig (/home/nate/Oxy/Peable/.worktrees/1519-pay-bloom621-compat-20261003/packages/backend/src/config.ts:291:18)
      at /home/nate/Oxy/Peable/.worktrees/1519-pay-bloom621-compat-20261003/packages/backend/src/config.ts:316:23
-------------------------------


src/routes/__tests__/disputeEvidence.realdb.test.ts:

# Unhandled error between tests
-------------------------------
266 | }
267 | 
268 | function readRequired(raw: string | undefined, name: string): string {
269 |   const value = raw?.trim();
270 |   if (!value) {
271 |     throw new Error(
                    ^
error: DATABASE_URL is required and was not set. The backend is Postgres-native: every route reads it and the pool is opened at boot. For local development start the server with `docker compose -f docker-compose.postgres.yml up -d`.
      at readRequired (/home/nate/Oxy/Peable/.worktrees/1519-pay-bloom621-compat-20261003/packages/backend/src/config.ts:271:15)
      at loadConfig (/home/nate/Oxy/Peable/.worktrees/1519-pay-bloom621-compat-20261003/packages/backend/src/config.ts:291:18)
      at /home/nate/Oxy/Peable/.worktrees/1519-pay-bloom621-compat-20261003/packages/backend/src/config.ts:316:23
-------------------------------


src/routes/__tests__/clientAction.realdb.test.ts:

# Unhandled error between tests
-------------------------------
266 | }
267 | 
268 | function readRequired(raw: string | undefined, name: string): string {
269 |   const value = raw?.trim();
270 |   if (!value) {
271 |     throw new Error(
                    ^
error: DATABASE_URL is required and was not set. The backend is Postgres-native: every route reads it and the pool is opened at boot. For local development start the server with `docker compose -f docker-compose.postgres.yml up -d`.
      at readRequired (/home/nate/Oxy/Peable/.worktrees/1519-pay-bloom621-compat-20261003/packages/backend/src/config.ts:271:15)
      at loadConfig (/home/nate/Oxy/Peable/.worktrees/1519-pay-bloom621-compat-20261003/packages/backend/src/config.ts:291:18)
      at /home/nate/Oxy/Peable/.worktrees/1519-pay-bloom621-compat-20261003/packages/backend/src/config.ts:316:23
-------------------------------


src/routes/__tests__/paymentLinks.test.ts:

# Unhandled error between tests
-------------------------------
266 | }
267 | 
268 | function readRequired(raw: string | undefined, name: string): string {
269 |   const value = raw?.trim();
270 |   if (!value) {
271 |     throw new Error(
                    ^
error: DATABASE_URL is required and was not set. The backend is Postgres-native: every route reads it and the pool is opened at boot. For local development start the server with `docker compose -f docker-compose.postgres.yml up -d`.
      at readRequired (/home/nate/Oxy/Peable/.worktrees/1519-pay-bloom621-compat-20261003/packages/backend/src/config.ts:271:15)
      at loadConfig (/home/nate/Oxy/Peable/.worktrees/1519-pay-bloom621-compat-20261003/packages/backend/src/config.ts:291:18)
      at /home/nate/Oxy/Peable/.worktrees/1519-pay-bloom621-compat-20261003/packages/backend/src/config.ts:316:23
-------------------------------


src/routes/__tests__/dashboard.test.ts:

# Unhandled error between tests
-------------------------------
266 | }
267 | 
268 | function readRequired(raw: string | undefined, name: string): string {
269 |   const value = raw?.trim();
270 |   if (!value) {
271 |     throw new Error(
                    ^
error: DATABASE_URL is required and was not set. The backend is Postgres-native: every route reads it and the pool is opened at boot. For local development start the server with `docker compose -f docker-compose.postgres.yml up -d`.
      at readRequired (/home/nate/Oxy/Peable/.worktrees/1519-pay-bloom621-compat-20261003/packages/backend/src/config.ts:271:15)
      at loadConfig (/home/nate/Oxy/Peable/.worktrees/1519-pay-bloom621-compat-20261003/packages/backend/src/config.ts:291:18)
      at /home/nate/Oxy/Peable/.worktrees/1519-pay-bloom621-compat-20261003/packages/backend/src/config.ts:316:23
-------------------------------


src/routes/__tests__/serviceAuthWiring.test.ts:

# Unhandled error between tests
-------------------------------
266 | }
267 | 
268 | function readRequired(raw: string | undefined, name: string): string {
269 |   const value = raw?.trim();
270 |   if (!value) {
271 |     throw new Error(
                    ^
error: DATABASE_URL is required and was not set. The backend is Postgres-native: every route reads it and the pool is opened at boot. For local development start the server with `docker compose -f docker-compose.postgres.yml up -d`.
      at readRequired (/home/nate/Oxy/Peable/.worktrees/1519-pay-bloom621-compat-20261003/packages/backend/src/config.ts:271:15)
      at loadConfig (/home/nate/Oxy/Peable/.worktrees/1519-pay-bloom621-compat-20261003/packages/backend/src/config.ts:291:18)
      at /home/nate/Oxy/Peable/.worktrees/1519-pay-bloom621-compat-20261003/packages/backend/src/config.ts:316:23
-------------------------------


src/routes/__tests__/checkoutSessions.test.ts:

# Unhandled error between tests
-------------------------------
266 | }
267 | 
268 | function readRequired(raw: string | undefined, name: string): string {
269 |   const value = raw?.trim();
270 |   if (!value) {
271 |     throw new Error(
                    ^
error: DATABASE_URL is required and was not set. The backend is Postgres-native: every route reads it and the pool is opened at boot. For local development start the server with `docker compose -f docker-compose.postgres.yml up -d`.
      at readRequired (/home/nate/Oxy/Peable/.worktrees/1519-pay-bloom621-compat-20261003/packages/backend/src/config.ts:271:15)
      at loadConfig (/home/nate/Oxy/Peable/.worktrees/1519-pay-bloom621-compat-20261003/packages/backend/src/config.ts:291:18)
      at /home/nate/Oxy/Peable/.worktrees/1519-pay-bloom621-compat-20261003/packages/backend/src/config.ts:316:23
-------------------------------


src/lib/__tests__/money.test.ts:

src/lib/__tests__/ids.test.ts:

src/lib/__tests__/socialPaymentSource.test.ts:

# Unhandled error between tests
-------------------------------
266 | }
267 | 
268 | function readRequired(raw: string | undefined, name: string): string {
269 |   const value = raw?.trim();
270 |   if (!value) {
271 |     throw new Error(
                    ^
error: DATABASE_URL is required and was not set. The backend is Postgres-native: every route reads it and the pool is opened at boot. For local development start the server with `docker compose -f docker-compose.postgres.yml up -d`.
      at readRequired (/home/nate/Oxy/Peable/.worktrees/1519-pay-bloom621-compat-20261003/packages/backend/src/config.ts:271:15)
      at loadConfig (/home/nate/Oxy/Peable/.worktrees/1519-pay-bloom621-compat-20261003/packages/backend/src/config.ts:291:18)
      at /home/nate/Oxy/Peable/.worktrees/1519-pay-bloom621-compat-20261003/packages/backend/src/config.ts:316:23
-------------------------------


src/services/providers/__tests__/redact.test.ts:

src/services/billing/__tests__/billingHttp.realdb.test.ts:

# Unhandled error between tests
-------------------------------
error: Cannot find module '@peable.to/sdk' from '/home/nate/Oxy/Peable/.worktrees/1519-pay-bloom621-compat-20261003/packages/backend/src/services/billing/__tests__/billingHttp.realdb.test.ts'
-------------------------------


src/services/recurring/__tests__/stripeRecurringReader.test.ts:

# Unhandled error between tests
-------------------------------
266 | }
267 | 
268 | function readRequired(raw: string | undefined, name: string): string {
269 |   const value = raw?.trim();
270 |   if (!value) {
271 |     throw new Error(
                    ^
error: DATABASE_URL is required and was not set. The backend is Postgres-native: every route reads it and the pool is opened at boot. For local development start the server with `docker compose -f docker-compose.postgres.yml up -d`.
      at readRequired (/home/nate/Oxy/Peable/.worktrees/1519-pay-bloom621-compat-20261003/packages/backend/src/config.ts:271:15)
      at loadConfig (/home/nate/Oxy/Peable/.worktrees/1519-pay-bloom621-compat-20261003/packages/backend/src/config.ts:291:18)
      at /home/nate/Oxy/Peable/.worktrees/1519-pay-bloom621-compat-20261003/packages/backend/src/config.ts:316:23
-------------------------------


src/services/recurring/__tests__/recurringObservation.realdb.test.ts:

# Unhandled error between tests
-------------------------------
266 | }
267 | 
268 | function readRequired(raw: string | undefined, name: string): string {
269 |   const value = raw?.trim();
270 |   if (!value) {
271 |     throw new Error(
                    ^
error: DATABASE_URL is required and was not set. The backend is Postgres-native: every route reads it and the pool is opened at boot. For local development start the server with `docker compose -f docker-compose.postgres.yml up -d`.
      at readRequired (/home/nate/Oxy/Peable/.worktrees/1519-pay-bloom621-compat-20261003/packages/backend/src/config.ts:271:15)
      at loadConfig (/home/nate/Oxy/Peable/.worktrees/1519-pay-bloom621-compat-20261003/packages/backend/src/config.ts:291:18)
      at /home/nate/Oxy/Peable/.worktrees/1519-pay-bloom621-compat-20261003/packages/backend/src/config.ts:316:23
-------------------------------


src/db/billing/__tests__/billingRepository.realdb.test.ts:

# Unhandled error between tests
-------------------------------
266 | }
267 | 
268 | function readRequired(raw: string | undefined, name: string): string {
269 |   const value = raw?.trim();
270 |   if (!value) {
271 |     throw new Error(
                    ^
error: DATABASE_URL is required and was not set. The backend is Postgres-native: every route reads it and the pool is opened at boot. For local development start the server with `docker compose -f docker-compose.postgres.yml up -d`.
      at readRequired (/home/nate/Oxy/Peable/.worktrees/1519-pay-bloom621-compat-20261003/packages/backend/src/config.ts:271:15)
      at loadConfig (/home/nate/Oxy/Peable/.worktrees/1519-pay-bloom621-compat-20261003/packages/backend/src/config.ts:291:18)
      at /home/nate/Oxy/Peable/.worktrees/1519-pay-bloom621-compat-20261003/packages/backend/src/config.ts:316:23
-------------------------------


src/db/schema/__tests__/valueSets.test.ts:

src/services/providers/stripe/__tests__/stripeProvider.test.ts:

# Unhandled error between tests
-------------------------------
266 | }
267 | 
268 | function readRequired(raw: string | undefined, name: string): string {
269 |   const value = raw?.trim();
270 |   if (!value) {
271 |     throw new Error(
                    ^
error: DATABASE_URL is required and was not set. The backend is Postgres-native: every route reads it and the pool is opened at boot. For local development start the server with `docker compose -f docker-compose.postgres.yml up -d`.
      at readRequired (/home/nate/Oxy/Peable/.worktrees/1519-pay-bloom621-compat-20261003/packages/backend/src/config.ts:271:15)
      at loadConfig (/home/nate/Oxy/Peable/.worktrees/1519-pay-bloom621-compat-20261003/packages/backend/src/config.ts:291:18)
      at /home/nate/Oxy/Peable/.worktrees/1519-pay-bloom621-compat-20261003/packages/backend/src/config.ts:316:23
-------------------------------


src/services/providers/stripe/__tests__/verify.test.ts:

 0 pass
 131 filtered out
 60 fail
 60 errors
Ran 60 tests across 75 files. [215.00ms]
error: script "test" exited with code 1
