$ bun run build:cjs && bun run build:esm && bun run build:types
$ tsc -p tsconfig.cjs.json
$ tsc -p tsconfig.esm.json && node scripts/fix-esm-imports.mjs
ESM imports fixed
$ tsc -p tsconfig.types.json
bun pack v1.4.2 (744846f84)

packed 2.43KB package.json
packed 0.83KB README.md
packed 15.45KB dist/cjs/browser/mount.js
packed 9.29KB dist/cjs/browser/payerClient.js
packed 1.96KB dist/cjs/checkout.js
packed 4.47KB dist/cjs/core/client.js
packed 2.23KB dist/cjs/core/config.js
packed 4.87KB dist/cjs/core/errors.js
packed 3.58KB dist/cjs/core/serviceToken.js
packed 4.70KB dist/cjs/index.js
packed 1.22KB dist/cjs/resources/billing.js
packed 1.1KB dist/cjs/resources/checkoutSessions.js
packed 2.59KB dist/cjs/resources/connectedAccounts.js
packed 2.1KB dist/cjs/resources/merchants.js
packed 2.46KB dist/cjs/resources/paymentIntents.js
packed 0.82KB dist/cjs/resources/paymentLinks.js
packed 2.45KB dist/cjs/resources/refunds.js
packed 2.26KB dist/cjs/resources/transfers.js
packed 3.0KB dist/cjs/resources/webhooks.js
packed 14.87KB dist/esm/browser/mount.js
packed 9.1KB dist/esm/browser/payerClient.js
packed 1.14KB dist/esm/checkout.js
packed 4.35KB dist/esm/core/client.js
packed 1.99KB dist/esm/core/config.js
packed 4.26KB dist/esm/core/errors.js
packed 3.43KB dist/esm/core/serviceToken.js
packed 3.13KB dist/esm/index.js
packed 1.1KB dist/esm/resources/billing.js
packed 0.83KB dist/esm/resources/checkoutSessions.js
packed 2.42KB dist/esm/resources/connectedAccounts.js
packed 1.84KB dist/esm/resources/merchants.js
packed 2.29KB dist/esm/resources/paymentIntents.js
packed 0.66KB dist/esm/resources/paymentLinks.js
packed 2.30KB dist/esm/resources/refunds.js
packed 2.11KB dist/esm/resources/transfers.js
packed 2.83KB dist/esm/resources/webhooks.js
packed 4.88KB dist/types/browser/mount.d.ts
packed 3.60KB dist/types/browser/payerClient.d.ts
packed 442B dist/types/checkout.d.ts
packed 0.69KB dist/types/core/client.d.ts
packed 1.62KB dist/types/core/config.d.ts
packed 2.65KB dist/types/core/errors.d.ts
packed 487B dist/types/core/serviceToken.d.ts
packed 3.94KB dist/types/index.d.ts
packed 1.0KB dist/types/resources/billing.d.ts
packed 1.47KB dist/types/resources/checkoutSessions.d.ts
packed 3.52KB dist/types/resources/connectedAccounts.d.ts
packed 4.93KB dist/types/resources/merchants.d.ts
packed 3.26KB dist/types/resources/paymentIntents.d.ts
packed 1.1KB dist/types/resources/paymentLinks.d.ts
packed 3.36KB dist/types/resources/refunds.d.ts
packed 3.28KB dist/types/resources/transfers.d.ts
packed 0.95KB dist/types/resources/webhooks.d.ts

peable.to-sdk-0.2.1.tgz

Total files: 53
Shasum: d314b22ce042a17dddb43db08d071a9dffd7e236
Integrity: sha512-uza6xW5a7fDkP[...]NRTrERDdMAFtA==
Unpacked size: 167.53KB
Packed size: 48.89KB
