waiting for server to start.... done
server started
{"verifiedOwnPostgresPid": 223395, "dataDirectory": "/home/nate/Oxy/.agent-evidence/peable-registry-pg-fbvh53rx/data", "port": 5614, "liveAccess": false}
$ bun test src --test-name-pattern "EdDSA service token|a token signed by a key NOT|retired HS256|no Authorization header at all|301-second"
bun test v1.4.2 (744846f84)

src/__tests__/onIntentChange.test.ts:

src/__tests__/config.test.ts:

src/__tests__/ecosystemActivity.test.ts:

src/__tests__/gatewayTestDatabase.realdb.test.ts:

src/__tests__/e2e.test.ts:

src/realtime/__tests__/socket.test.ts:

src/realtime/__tests__/throttle.test.ts:

src/services/__tests__/derivation.test.ts:

src/services/__tests__/expirySweeper.realdb.test.ts:

src/services/__tests__/disputes.realdb.test.ts:

src/services/__tests__/expirySweeper.test.ts:

src/services/__tests__/staleTransition.realdb.test.ts:

src/services/__tests__/environmentGuard.test.ts:

src/services/__tests__/settlementWatcher.test.ts:

src/services/__tests__/settlementEvents.realdb.test.ts:

src/services/__tests__/reserveAddress.test.ts:

src/services/__tests__/merchantDisplay.test.ts:

src/services/__tests__/providerEventDrain.realdb.test.ts:

src/services/__tests__/refunds.realdb.test.ts:

src/services/__tests__/enrichment.test.ts:

src/services/__tests__/appMembership.test.ts:

src/services/__tests__/cardCreate.realdb.test.ts:

src/services/__tests__/intentState.test.ts:

src/services/__tests__/explorer.test.ts:

src/services/__tests__/socialReceive.test.ts:

src/services/__tests__/resolveRail.test.ts:

src/services/__tests__/webhookDispatcher.test.ts:

src/services/__tests__/webhookOutbox.realdb.test.ts:

src/services/__tests__/cardLifecycle.realdb.test.ts:

src/services/__tests__/refundEvents.realdb.test.ts:

src/db/__tests__/settlement.realdb.test.ts:

src/db/__tests__/paymentIntentRepository.realdb.test.ts:

src/db/__tests__/migrationPhaseOrder.test.ts:

src/db/__tests__/providerEvents.realdb.test.ts:

src/db/__tests__/linkAndSessionRepository.realdb.test.ts:

src/db/__tests__/dockerfile.test.ts:

src/db/__tests__/derivationIndex.realdb.test.ts:

src/db/__tests__/deployWorkflow.test.ts:

src/db/__tests__/providerLink.realdb.test.ts:

src/db/__tests__/merchantRepository.realdb.test.ts:

src/db/__tests__/rail.realdb.test.ts:

src/db/__tests__/socialReceiveCursor.realdb.test.ts:

src/db/__tests__/pinnedRelease.test.ts:

src/db/__tests__/deploySecrets.test.ts:

src/db/__tests__/schemaGates.realdb.test.ts:

src/db/__tests__/webhookAndAttributionRepository.realdb.test.ts:

src/db/__tests__/derivationIndexBound.test.ts:

src/routes/__tests__/settlement.realdb.test.ts:

src/routes/__tests__/merchants.test.ts:

src/routes/__tests__/enrich.test.ts:

src/routes/__tests__/refunds.realdb.test.ts:

src/routes/__tests__/environmentIsolation.realdb.test.ts:

src/routes/__tests__/webhookDeliveries.test.ts:

src/routes/__tests__/settlementReport.realdb.test.ts:

src/routes/__tests__/routes.test.ts:

src/routes/__tests__/social.test.ts:

src/routes/__tests__/oxyAuthWiring.test.ts:

src/routes/__tests__/providerWebhooks.integration.test.ts:

src/routes/__tests__/disputeEvidence.realdb.test.ts:

src/routes/__tests__/clientAction.realdb.test.ts:

src/routes/__tests__/paymentLinks.test.ts:

src/routes/__tests__/dashboard.test.ts:

src/routes/__tests__/serviceAuthWiring.test.ts:
Applying 21 migration(s): 0000_whole_master_mold, 0001_certain_skin, 0002_misty_demogoblin, 0003_cooing_skin, 0004_low_franklin_storm, 0005_chunky_cable, 0006_cloudy_pandemic, 0007_slippery_miek, 0008_yummy_gwen_stacy, 0009_fuzzy_misty_knight, 0010_fancy_garia, 0011_magical_cyclops, 0012_stormy_valkyrie, 0013_fixed_lionheart, 0014_amused_surge, 0015_safe_reptil, 0016_far_excalibur, 0017_married_iron_patriot, 0018_majestic_hairball, 0019_familiar_darkhawk, 0020_thick_boom_boom
Postgres notice: identifier "recurring_mirrors_merchant_id_oxy_app_id_environment_merchants_id_oxy_app_id_environment_fk" will be truncated to "recurring_mirrors_merchant_id_oxy_app_id_environment_merchants_"
Postgres notice: identifier "recurring_observation_outbox_source_event_id_provider_events_id_fk" will be truncated to "recurring_observation_outbox_source_event_id_provider_events_id"
Postgres notice: identifier "billing_object_bindings_customer_binding_id_billing_object_bindings_id_fk" will be truncated to "billing_object_bindings_customer_binding_id_billing_object_bind"
Postgres notice: identifier "billing_object_bindings_price_binding_id_billing_object_bindings_id_fk" will be truncated to "billing_object_bindings_price_binding_id_billing_object_binding"
Postgres notice: identifier "billing_operations_customer_binding_id_billing_object_bindings_id_fk" will be truncated to "billing_operations_customer_binding_id_billing_object_bindings_"
Postgres notice: identifier "billing_operations_price_binding_id_billing_object_bindings_id_fk" will be truncated to "billing_operations_price_binding_id_billing_object_bindings_id_"
Applied 21 migration(s): 0000_whole_master_mold, 0001_certain_skin, 0002_misty_demogoblin, 0003_cooing_skin, 0004_low_franklin_storm, 0005_chunky_cable, 0006_cloudy_pandemic, 0007_slippery_miek, 0008_yummy_gwen_stacy, 0009_fuzzy_misty_knight, 0010_fancy_garia, 0011_magical_cyclops, 0012_stormy_valkyrie, 0013_fixed_lionheart, 0014_amused_surge, 0015_safe_reptil, 0016_far_excalibur, 0017_married_iron_patriot, 0018_majestic_hairball, 0019_familiar_darkhawk, 0020_thick_boom_boom
(pass) an EdDSA service token signed by a key in Oxy's JWKS is accepted [27.38ms]
2026-10-03T23:41:07.016Z WARN [oxy.auth] refused INVALID_SERVICE_TOKEN: ServiceTokenSignatureError: Service token signature is invalid {
  component: "auth",
  method: "auth",
  code: "INVALID_SERVICE_TOKEN",
  stage: "service-token",
  reason: "ServiceTokenSignatureError: Service token signature is invalid",
  status: 401,
  optional: false,
  path: "/v1/payment_intents",
}
(pass) a token signed by a key NOT in the JWKS is rejected (401) — proves verification is really wired, not bypassed [1.83ms]
2026-10-03T23:41:07.017Z WARN [oxy.auth] refused INVALID_SERVICE_TOKEN: ServiceTokenStructureError: Service token JOSE header is not supported {
  component: "auth",
  method: "auth",
  code: "INVALID_SERVICE_TOKEN",
  stage: "service-token",
  reason: "ServiceTokenStructureError: Service token JOSE header is not supported",
  status: 401,
  optional: false,
  path: "/v1/payment_intents",
}
(pass) a retired HS256 service token is refused, whatever secret signed it [1.24ms]
(pass) no Authorization header at all is rejected (401), the endpoint is not silently open [1.11ms]
2026-10-03T23:41:07.019Z WARN [oxy.auth] refused INVALID_SERVICE_TOKEN_CLAIMS: ServiceTokenClaimError: Service token lifetime must be positive and at most 300 seconds {
  component: "auth",
  method: "auth",
  code: "INVALID_SERVICE_TOKEN_CLAIMS",
  stage: "service-token",
  reason: "ServiceTokenClaimError: Service token lifetime must be positive and at most 300 seconds",
  status: 401,
  optional: false,
  path: "/v1/payment_intents",
}
(pass) a correctly signed service token with a 301-second lifetime is rejected [1.24ms]

src/routes/__tests__/checkoutSessions.test.ts:

src/lib/__tests__/money.test.ts:

src/lib/__tests__/ids.test.ts:

src/lib/__tests__/socialPaymentSource.test.ts:

src/services/providers/__tests__/redact.test.ts:

src/services/billing/__tests__/billingHttp.realdb.test.ts:

src/services/recurring/__tests__/stripeRecurringReader.test.ts:

src/services/recurring/__tests__/recurringObservation.realdb.test.ts:

src/db/billing/__tests__/billingRepository.realdb.test.ts:

src/db/schema/__tests__/valueSets.test.ts:

src/services/providers/stripe/__tests__/stripeProvider.test.ts:

src/services/providers/stripe/__tests__/verify.test.ts:

 5 pass
 776 filtered out
 0 fail
 5 expect() calls
Ran 5 tests across 75 files. [559.00ms]
waiting for server to shut down.... done
server stopped
{"ownedPostgresStopped": true, "pidAbsent": true, "record": "/home/nate/Oxy/.agent-evidence/peable-registry-pg-fbvh53rx"}
