$ bun test src --test-name-pattern "I08 billing HTTP"
bun test v1.4.2 (744846f84)

src/__tests__/onIntentChange.test.ts:

src/__tests__/config.test.ts:

src/__tests__/ecosystemActivity.test.ts:

src/__tests__/gatewayTestDatabase.realdb.test.ts:

src/__tests__/e2e.test.ts:

src/realtime/__tests__/socket.test.ts:

src/realtime/__tests__/throttle.test.ts:

src/services/__tests__/derivation.test.ts:

src/services/__tests__/expirySweeper.realdb.test.ts:

src/services/__tests__/disputes.realdb.test.ts:

src/services/__tests__/expirySweeper.test.ts:

src/services/__tests__/staleTransition.realdb.test.ts:

src/services/__tests__/environmentGuard.test.ts:

src/services/__tests__/settlementWatcher.test.ts:

src/services/__tests__/settlementEvents.realdb.test.ts:

src/services/__tests__/reserveAddress.test.ts:

src/services/__tests__/merchantDisplay.test.ts:

src/services/__tests__/providerEventDrain.realdb.test.ts:

src/services/__tests__/refunds.realdb.test.ts:

src/services/__tests__/enrichment.test.ts:

src/services/__tests__/appMembership.test.ts:

src/services/__tests__/cardCreate.realdb.test.ts:

src/services/__tests__/intentState.test.ts:

src/services/__tests__/explorer.test.ts:

src/services/__tests__/socialReceive.test.ts:

src/services/__tests__/resolveRail.test.ts:

src/services/__tests__/webhookDispatcher.test.ts:

src/services/__tests__/webhookOutbox.realdb.test.ts:

src/services/__tests__/cardLifecycle.realdb.test.ts:

src/services/__tests__/refundEvents.realdb.test.ts:

src/db/__tests__/settlement.realdb.test.ts:

src/db/__tests__/paymentIntentRepository.realdb.test.ts:

src/db/__tests__/migrationPhaseOrder.test.ts:

src/db/__tests__/providerEvents.realdb.test.ts:

src/db/__tests__/linkAndSessionRepository.realdb.test.ts:

src/db/__tests__/dockerfile.test.ts:

src/db/__tests__/derivationIndex.realdb.test.ts:

src/db/__tests__/deployWorkflow.test.ts:

src/db/__tests__/providerLink.realdb.test.ts:

src/db/__tests__/merchantRepository.realdb.test.ts:

src/db/__tests__/rail.realdb.test.ts:

src/db/__tests__/socialReceiveCursor.realdb.test.ts:

src/db/__tests__/deploySecrets.test.ts:

src/db/__tests__/schemaGates.realdb.test.ts:

src/db/__tests__/webhookAndAttributionRepository.realdb.test.ts:

src/db/__tests__/derivationIndexBound.test.ts:

src/routes/__tests__/settlement.realdb.test.ts:

src/routes/__tests__/merchants.test.ts:

src/routes/__tests__/enrich.test.ts:

src/routes/__tests__/refunds.realdb.test.ts:

src/routes/__tests__/environmentIsolation.realdb.test.ts:

src/routes/__tests__/webhookDeliveries.test.ts:

src/routes/__tests__/settlementReport.realdb.test.ts:

src/routes/__tests__/routes.test.ts:

src/routes/__tests__/social.test.ts:

src/routes/__tests__/oxyAuthWiring.test.ts:

src/routes/__tests__/providerWebhooks.integration.test.ts:

src/routes/__tests__/disputeEvidence.realdb.test.ts:

src/routes/__tests__/clientAction.realdb.test.ts:

src/routes/__tests__/paymentLinks.test.ts:

src/routes/__tests__/dashboard.test.ts:

src/routes/__tests__/serviceAuthWiring.test.ts:

src/routes/__tests__/checkoutSessions.test.ts:

src/lib/__tests__/money.test.ts:

src/lib/__tests__/ids.test.ts:

src/lib/__tests__/socialPaymentSource.test.ts:

src/services/providers/__tests__/redact.test.ts:

src/services/billing/__tests__/billingHttp.realdb.test.ts:
Applying 21 migration(s): 0000_whole_master_mold, 0001_certain_skin, 0002_misty_demogoblin, 0003_cooing_skin, 0004_low_franklin_storm, 0005_chunky_cable, 0006_cloudy_pandemic, 0007_slippery_miek, 0008_yummy_gwen_stacy, 0009_fuzzy_misty_knight, 0010_fancy_garia, 0011_magical_cyclops, 0012_stormy_valkyrie, 0013_fixed_lionheart, 0014_amused_surge, 0015_safe_reptil, 0016_far_excalibur, 0017_married_iron_patriot, 0018_majestic_hairball, 0019_familiar_darkhawk, 0020_talented_dagger
Postgres notice: identifier "recurring_mirrors_merchant_id_oxy_app_id_environment_merchants_id_oxy_app_id_environment_fk" will be truncated to "recurring_mirrors_merchant_id_oxy_app_id_environment_merchants_"
Postgres notice: identifier "recurring_observation_outbox_source_event_id_provider_events_id_fk" will be truncated to "recurring_observation_outbox_source_event_id_provider_events_id"
Postgres notice: identifier "billing_object_bindings_customer_binding_id_billing_object_bindings_id_fk" will be truncated to "billing_object_bindings_customer_binding_id_billing_object_bind"
Postgres notice: identifier "billing_object_bindings_price_binding_id_billing_object_bindings_id_fk" will be truncated to "billing_object_bindings_price_binding_id_billing_object_binding"
Applied 21 migration(s): 0000_whole_master_mold, 0001_certain_skin, 0002_misty_demogoblin, 0003_cooing_skin, 0004_low_franklin_storm, 0005_chunky_cable, 0006_cloudy_pandemic, 0007_slippery_miek, 0008_yummy_gwen_stacy, 0009_fuzzy_misty_knight, 0010_fancy_garia, 0011_magical_cyclops, 0012_stormy_valkyrie, 0013_fixed_lionheart, 0014_amused_surge, 0015_safe_reptil, 0016_far_excalibur, 0017_married_iron_patriot, 0018_majestic_hairball, 0019_familiar_darkhawk, 0020_talented_dagger
133 | 
134 |   const details: PeableErrorDetails = { statusCode: status, code: upstreamCode };
135 |   if (status === 401) return new PeableAuthenticationError(message, details);
136 |   if (status === 403) return new PeablePermissionError(message, details);
137 |   if (status >= 400 && status < 500) return new PeableInvalidRequestError(message, details);
138 |   return new PeableApiError(message, details);
               ^
PeableApiError: provider_unavailable
       type: "api_error",
 statusCode: 503,
       code: "invalid_request_error"

      at errorFromResponse (/home/nate/Oxy/Peable/.worktrees/1519-i08-billing-provider-20261003/packages/sdk/src/core/errors.ts:138:10)
      at performRequest (/home/nate/Oxy/Peable/.worktrees/1519-i08-billing-provider-20261003/packages/sdk/src/core/client.ts:101:13)
      at async <anonymous> (/home/nate/Oxy/Peable/.worktrees/1519-i08-billing-provider-20261003/packages/backend/src/services/billing/__tests__/billingHttp.realdb.test.ts:83:25)
(fail) I08 billing HTTP SDK platform adapter / real PostgreSQL > executes five SDK methods with store/receipt references and no Connect or financial decisions [74.94ms]
(pass) I08 billing HTTP SDK platform adapter / real PostgreSQL > reuses customer for renamed store and new key without another provider effect [40.62ms]
2026-10-03T03:16:54.321Z WARN [oxy.auth] Service token missing required scope {
  component: "auth",
  method: "requireScope",
  appId: "app_01a0ffc3-c1a6-7160-af15-2e4861b888ea",
  required: "payments:write",
}
(pass) I08 billing HTTP SDK platform adapter / real PostgreSQL > denies other cohort, missing scopes and missing auth before provider effects [19.37ms]
(pass) I08 billing HTTP SDK platform adapter / real PostgreSQL > rejects unknown price, foreign store and invented owner/payer fields before checkout [35.35ms]
133 | 
134 |   const details: PeableErrorDetails = { statusCode: status, code: upstreamCode };
135 |   if (status === 401) return new PeableAuthenticationError(message, details);
136 |   if (status === 403) return new PeablePermissionError(message, details);
137 |   if (status >= 400 && status < 500) return new PeableInvalidRequestError(message, details);
138 |   return new PeableApiError(message, details);
               ^
PeableApiError: provider_unavailable
       type: "api_error",
 statusCode: 503,
       code: "invalid_request_error"

      at errorFromResponse (/home/nate/Oxy/Peable/.worktrees/1519-i08-billing-provider-20261003/packages/sdk/src/core/errors.ts:138:10)
      at performRequest (/home/nate/Oxy/Peable/.worktrees/1519-i08-billing-provider-20261003/packages/sdk/src/core/client.ts:101:13)
      at async <anonymous> (/home/nate/Oxy/Peable/.worktrees/1519-i08-billing-provider-20261003/packages/backend/src/services/billing/__tests__/billingHttp.realdb.test.ts:107:57)
(fail) I08 billing HTTP SDK platform adapter / real PostgreSQL > replays checkout while fresh and refuses expired URL without another effect [30.30ms]
(pass) I08 billing HTTP SDK platform adapter / real PostgreSQL > checks platform account before the first effect [22.22ms]
(pass) I08 billing HTTP SDK platform adapter / real PostgreSQL > refuses portal configuration drift on the next call and immediate cancellation [52.73ms]
(pass) I08 billing HTTP SDK platform adapter / real PostgreSQL > retains indeterminate result after timeout and retries same remote idempotency key [33.04ms]

src/services/recurring/__tests__/stripeRecurringReader.test.ts:

src/services/recurring/__tests__/recurringObservation.realdb.test.ts:

src/db/billing/__tests__/billingRepository.realdb.test.ts:

src/db/schema/__tests__/valueSets.test.ts:

src/services/providers/stripe/__tests__/stripeProvider.test.ts:

src/services/providers/stripe/__tests__/verify.test.ts:

 6 pass
 743 filtered out
 2 fail
 22 expect() calls
Ran 8 tests across 74 files. [683.00ms]
error: script "test" exited with code 1
